// Jest Snapshot v1, https://goo.gl/fbAQLP

exports[`<Input /> should match previous snapshot 1`] = `
<DocumentFragment>
  <input
    class="sc-AxjAm bHsGLn"
  />
</DocumentFragment>
`;
